#0 building with "desktop-linux" instance using docker driver

#1 [internal] load build definition from Dockerfile
#1 transferring dockerfile: 1.31kB done
#1 DONE 0.0s

#2 resolve image config for docker-image://docker.io/docker/dockerfile:1
#2 DONE 1.5s

#3 docker-image://docker.io/docker/dockerfile:1@sha256:ecfaec9ed6d810b56388c508f4121597bfbba70d41a6dfeee4d8cad5f295fc32
#3 resolve docker.io/docker/dockerfile:1@sha256:ecfaec9ed6d810b56388c508f4121597bfbba70d41a6dfeee4d8cad5f295fc32 done
#3 CACHED

#4 [internal] load metadata for docker.io/library/golang:1.25-bookworm
#4 ...

#5 [internal] load metadata for docker.io/library/debian:bookworm-slim
#5 DONE 0.8s

#4 [internal] load metadata for docker.io/library/golang:1.25-bookworm
#4 DONE 0.8s

#6 [internal] load .dockerignore
#6 transferring context: 85B done
#6 DONE 0.0s

#7 [stage-1 1/4] FROM docker.io/library/debian:bookworm-slim@sha256:88200866dfff7ea7f5cbcb6ec7c8a701889efe6fe859fe64d6990e4b07ea4171
#7 resolve docker.io/library/debian:bookworm-slim@sha256:88200866dfff7ea7f5cbcb6ec7c8a701889efe6fe859fe64d6990e4b07ea4171 done
#7 DONE 0.0s

#8 [builder  1/11] FROM docker.io/library/golang:1.25-bookworm@sha256:3b4a11519ad929d1e1d261a12cff056f0c85b735253d7d861346b9c6f8b36437
#8 resolve docker.io/library/golang:1.25-bookworm@sha256:3b4a11519ad929d1e1d261a12cff056f0c85b735253d7d861346b9c6f8b36437 done
#8 DONE 0.0s

#9 [internal] load build context
#9 transferring context: 9.47kB done
#9 DONE 0.0s

#10 [builder  9/11] RUN cd rust_lib && cargo build --release     && cp target/release/libcalculator_rust.so /src/libcalculator_rust.so
#10 CACHED

#11 [builder  7/11] COPY go/ go/
#11 CACHED

#12 [builder 11/11] RUN mkdir -p /out && cp /src/libcalculator.so /src/libcalculator_rust.so /out/
#12 CACHED

#13 [stage-1 2/4] WORKDIR /app
#13 CACHED

#14 [builder  2/11] RUN apt-get update && apt-get install -y --no-install-recommends         gcc         curl         ca-certificates     && rm -rf /var/lib/apt/lists/*
#14 CACHED

#15 [builder  3/11] RUN curl --proto '=https' --tlsv1.2 -sSf https://sh.rustup.rs | sh -s -- -y
#15 CACHED

#16 [builder  5/11] COPY c_lib/ c_lib/
#16 CACHED

#17 [builder 10/11] RUN cd go && CGO_ENABLED=1 go build -o /out/calculator_server ./cmd/calculator_server
#17 CACHED

#18 [stage-1 3/4] COPY --from=builder /out/calculator_server /app/calculator_server
#18 CACHED

#19 [builder  4/11] WORKDIR /src
#19 CACHED

#20 [builder  6/11] COPY rust_lib/ rust_lib/
#20 CACHED

#21 [builder  8/11] RUN gcc -shared -fPIC -O2 -o /src/libcalculator.so c_lib/calculator.c
#21 CACHED

#22 [stage-1 4/4] COPY --from=builder /out/libcalculator.so /out/libcalculator_rust.so /app/
#22 CACHED

#23 exporting to image
#23 exporting layers done
#23 exporting manifest sha256:e70aadd09d89345efac5d6c8ede3a7508b5238b4f25662f07120c57fec82d269 done
#23 exporting config sha256:0a5af7234fc7578a697fa85020135857da768c32d1b4f132240a59641c79deb4 done
#23 exporting attestation manifest sha256:83eb5badd4e8c3fb5a43dc5d96be3436aa73324813f0fee70cf49469817d1126 done
#23 exporting manifest list sha256:e9f972fc6beb1847e2fc926d7a4ed2605cb6fd6bf199d5205c7e5c4e262244fc done
#23 naming to docker.io/library/calc-http-bench-sequential:latest done
#23 unpacking to docker.io/library/calc-http-bench-sequential:latest done
#23 DONE 0.0s

View build details: docker-desktop://dashboard/build/desktop-linux/desktop-linux/ubmwapv8ivn105gp5u4vfxs4v
