#0 building with "desktop-linux" instance using docker driver

#1 [internal] load build definition from Dockerfile
#1 transferring dockerfile: 1.31kB done
#1 DONE 0.0s

#2 resolve image config for docker-image://docker.io/docker/dockerfile:1
#2 DONE 0.3s

#3 docker-image://docker.io/docker/dockerfile:1@sha256:ecfaec9ed6d810b56388c508f4121597bfbba70d41a6dfeee4d8cad5f295fc32
#3 resolve docker.io/docker/dockerfile:1@sha256:ecfaec9ed6d810b56388c508f4121597bfbba70d41a6dfeee4d8cad5f295fc32 done
#3 CACHED

#4 [internal] load metadata for docker.io/library/debian:bookworm-slim
#4 DONE 0.2s

#5 [internal] load metadata for docker.io/library/golang:1.25-bookworm
#5 DONE 0.2s

#6 [internal] load .dockerignore
#6 transferring context: 85B done
#6 DONE 0.0s

#7 [stage-1 1/4] FROM docker.io/library/debian:bookworm-slim@sha256:88200866dfff7ea7f5cbcb6ec7c8a701889efe6fe859fe64d6990e4b07ea4171
#7 resolve docker.io/library/debian:bookworm-slim@sha256:88200866dfff7ea7f5cbcb6ec7c8a701889efe6fe859fe64d6990e4b07ea4171 done
#7 DONE 0.0s

#8 [builder  1/11] FROM docker.io/library/golang:1.25-bookworm@sha256:3b4a11519ad929d1e1d261a12cff056f0c85b735253d7d861346b9c6f8b36437
#8 resolve docker.io/library/golang:1.25-bookworm@sha256:3b4a11519ad929d1e1d261a12cff056f0c85b735253d7d861346b9c6f8b36437 done
#8 DONE 0.0s

#9 [internal] load build context
#9 transferring context: 3.59kB done
#9 DONE 0.0s

#10 [builder  2/11] RUN apt-get update && apt-get install -y --no-install-recommends         gcc         curl         ca-certificates     && rm -rf /var/lib/apt/lists/*
#10 CACHED

#11 [builder  5/11] COPY c_lib/ c_lib/
#11 CACHED

#12 [builder  3/11] RUN curl --proto '=https' --tlsv1.2 -sSf https://sh.rustup.rs | sh -s -- -y
#12 CACHED

#13 [builder  4/11] WORKDIR /src
#13 CACHED

#14 [builder  6/11] COPY rust_lib/ rust_lib/
#14 CACHED

#15 [builder  7/11] COPY go/ go/
#15 DONE 0.0s

#16 [builder  8/11] RUN gcc -shared -fPIC -O2 -o /src/libcalculator.so c_lib/calculator.c
#16 DONE 0.2s

#17 [builder  9/11] RUN cd rust_lib && cargo build --release     && cp target/release/libcalculator_rust.so /src/libcalculator_rust.so
#17 0.292    Compiling calculator_rust v0.1.0 (/src/rust_lib)
#17 0.558     Finished `release` profile [optimized] target(s) in 0.42s
#17 DONE 0.6s

#18 [builder 10/11] RUN cd go && CGO_ENABLED=1 go build -o /out/calculator_server ./cmd/calculator_server
#18 0.145 go: downloading github.com/prometheus/client_golang v1.24.1
#18 0.696 go: downloading github.com/prometheus/procfs v0.21.1
#18 0.696 go: downloading google.golang.org/protobuf v1.36.11
#18 0.696 go: downloading github.com/cespare/xxhash/v2 v2.3.0
#18 0.697 go: downloading github.com/prometheus/common v0.70.1
#18 0.697 go: downloading github.com/prometheus/client_model v0.6.2
#18 0.697 go: downloading github.com/beorn7/perks v1.0.1
#18 1.133 go: downloading github.com/munnerz/goautoneg v0.0.0-20191010083416-a7dc8b61c822
#18 1.133 go: downloading golang.org/x/sys v0.47.0
#18 DONE 6.0s

#19 [builder 11/11] RUN mkdir -p /out && cp /src/libcalculator.so /src/libcalculator_rust.so /out/
#19 DONE 0.1s

#20 [stage-1 2/4] WORKDIR /app
#20 CACHED

#21 [stage-1 3/4] COPY --from=builder /out/calculator_server /app/calculator_server
#21 DONE 0.0s

#22 [stage-1 4/4] COPY --from=builder /out/libcalculator.so /out/libcalculator_rust.so /app/
#22 DONE 0.0s

#23 exporting to image
#23 exporting layers
#23 exporting layers 0.2s done
#23 exporting manifest sha256:cbc5eb6dc3fdd4022f3a1189c355910149fdbfd0c73a502f7db12a3cb5751b4c done
#23 exporting config sha256:212be0540b21db2e0df0337c9de5211a55e0ec22bbb1191cec647fab20e665d2 done
#23 exporting attestation manifest sha256:c12fcf4a18e5500a752419952d5d8fcd4a74211c77bb2721a5de9c7e1aceb2bd done
#23 exporting manifest list sha256:5574876da99ae853e980a13d763c2ce314d0cd1e82edd114692cc144a9c3dbec done
#23 naming to docker.io/library/calc-http-bench-fanout:latest done
#23 unpacking to docker.io/library/calc-http-bench-fanout:latest 0.0s done
#23 DONE 0.3s

View build details: docker-desktop://dashboard/build/desktop-linux/desktop-linux/rd4wsqpdi9f1qbew83gz07klg
